  mmandError
 
  Creating an optimized production build ...
Error: Turbopack build
 failed with 1 errors:
./src/lib/utils.ts
