
> gacha-tore@0.1.0 build
> next build

笆ｲ Next.js 16.1.6 (Turbopack)
- Environments: .env.local

node.exe : 笞 The "mid
dleware" file conventi
on is deprecated. Plea
se use "proxy" instead
. Learn more: https://
nextjs.org/docs/messag
es/middleware-to-proxy
発生場所 行:1 文字:1
+ & "C:\Program Files\
nodejs/node.exe" "C:\P
rogram Files\nodejs/no
de_mo ...
+ ~~~~~~~~~~~~~~~~~~~~
~~~~~~~~~~~~~~~~~~~~~~
~~~~~~~~~~~~~~~~~~~~~~
~~~~~
    + CategoryInfo    
          : NotSpeci  
  fied: (笞 The "mi   
 ddlew...leware-to    
-proxy:String) []    ,
 RemoteException
    + FullyQualifiedE 
   rrorId : NativeCo  
  mmandError
 
  Creating an optimized production build ...

> Build error occurred
Error: Turbopack build
 failed with 1 errors:
./src/lib/utils.ts
Reading source code fo
r parsing failed
An unexpected error ha
ppened while trying to
 read the source code 
to parse: failed to co
nvert rope into string

Caused by:
- invalid utf-8 sequen
ce of 1 bytes from ind
ex 0

Import traces:
  Client Component Bro
wser:
    ./src/lib/utils.ts
 [Client Component Bro
wser]
    ./src/app/admin/tr
ades/page.tsx [Client 
Component Browser]
    ./src/app/admin/tr
ades/page.tsx [Server 
Component]

  Client Component SSR
:
    ./src/lib/utils.ts
 [Client Component SSR
]
    ./src/app/admin/tr
ades/page.tsx [Client 
Component SSR]
    ./src/app/admin/tr
ades/page.tsx [Server 
Component]


    at ignore-listed f
rames
