
Running 2 tests using 2 workers

[1A[2K[1/2] [chromium] 窶ｺ e2e\phase1.spec.ts:45:9 窶ｺ Phase 1: First Visit 窶ｺ 1-2 Static Pages
[1A[2K[2/2] [chromium] 窶ｺ e2e\phase1.spec.ts:4:9 窶ｺ Phase 1: First Visit 窶ｺ 1-1 Top page
[1A[2K  1) [chromium] 窶ｺ e2e\phase1.spec.ts:45:9 窶ｺ Phase 1: First Visit 窶ｺ 1-2 Static Pages 笏笏笏笏笏笏笏笏笏笏笏笏笏笏笏笏

    Error: [2mexpect([22m[31mlocator[39m[2m).[22mtoBeVisible[2m([22m[2m)[22m failed

    Locator: locator('h1').filter({ hasText: '繝倥Ν繝・ }).or(locator('h1').filter({ hasText: '繧医￥縺ゅｋ雉ｪ蝠・ }))
    Expected: visible
    Timeout: 5000ms
    Error: element(s) not found

    Call log:
    [2m  - Expect "toBeVisible" with timeout 5000ms[22m
    [2m  - waiting for locator('h1').filter({ hasText: '繝倥Ν繝・ }).or(locator('h1').filter({ hasText: '繧医￥縺ゅｋ雉ｪ蝠・ }))[22m


      46 |         // 1-2-5 繝倥Ν繝・      47 |         await page.goto('/help');
    > 48 |         await expect(page.locator('h1', { hasText: '繝倥Ν繝・ }).or(page.locator('h1', { hasText: '繧医￥縺ゅｋ雉ｪ蝠・ }))).toBeVisible();
         |                                                                                                            ^
      49 |
      50 |         // 1-2-6 繧ｬ繧､繝・      51 |         await page.goto('/guide');
        at D:\workspace\900_toys\005_繧ｬ繝√Ε繝医Ξ\gacha-tore\e2e\phase1.spec.ts:48:108

    Error Context: test-results\phase1-Phase-1-First-Visit-1-2-Static-Pages-chromium\error-context.md


[1A[2K  2) [chromium] 窶ｺ e2e\phase1.spec.ts:4:9 窶ｺ Phase 1: First Visit 窶ｺ 1-1 Top page 笏笏笏笏笏笏笏笏笏笏笏笏笏笏笏笏笏笏笏笏笏

    Error: [2mexpect([22m[31mlocator[39m[2m).[22mtoBeVisible[2m([22m[2m)[22m failed

    Locator: locator('text=繧ｹ繝ｯ繧ｳ繝ｬ')
    Expected: visible
    Timeout: 5000ms
    Error: element(s) not found

    Call log:
    [2m  - Expect "toBeVisible" with timeout 5000ms[22m
    [2m  - waiting for locator('text=繧ｹ繝ｯ繧ｳ繝ｬ')[22m


       7 |         // 1-1-1 繝医ャ繝励・繝ｼ繧ｸ縺梧ｭ｣蟶ｸ縺ｫ陦ｨ遉ｺ縺輔ｌ繧・       8 |         // 1-1-2 繧ｵ繝ｼ繝薙せ蜷阪′縲後せ繝ｯ繧ｳ繝ｬ縲阪→陦ｨ遉ｺ縺輔ｌ繧・    >  9 |         await expect(page.locator('text=繧ｹ繝ｯ繧ｳ繝ｬ')).toBeVisible();
         |                                                 ^
      10 |
      11 |         // 1-1-3 繝倥ャ繝繝ｼ縺ｮ繝ｭ繧ｴ縺瑚｡ｨ遉ｺ縺輔ｌ繧・      12 |         const logo = page.locator('header img[alt*="繧ｹ繝ｯ繧ｳ繝ｬ"]');
        at D:\workspace\900_toys\005_繧ｬ繝√Ε繝医Ξ\gacha-tore\e2e\phase1.spec.ts:9:49

    Error Context: test-results\phase1-Phase-1-First-Visit-1-1-Top-page-chromium\error-context.md


[1A[2K  2 failed
    [chromium] 窶ｺ e2e\phase1.spec.ts:4:9 窶ｺ Phase 1: First Visit 窶ｺ 1-1 Top page 笏笏笏笏笏笏笏笏笏笏笏笏笏笏笏笏笏笏笏笏笏笏
    [chromium] 窶ｺ e2e\phase1.spec.ts:45:9 窶ｺ Phase 1: First Visit 窶ｺ 1-2 Static Pages 笏笏笏笏笏笏笏笏笏笏笏笏笏笏笏笏笏

[36m  Serving HTML report at http://localhost:9323. Press Ctrl+C to quit.[39m
